"S_0017,S_0364";"http://www.iso.org/";"ISO/IEC 15946-2 - Cryptographic techniques based on elliptic curves - Part 2: Digital signatures";
"G";"http://www.iso.org/";"ISO/IEC 27001 - Information Security Management System Requirements";
"SI ";"https://www.ccn-cert.cni.es/";"CCN-STIC-404 Control de Soportes Informáticos ";
"COM_0328,D_0027,D_0198,HW_0217,SI_0112,S_0090,S_0331,S_0443";"http://www.iso.org/";"ISO/IEC 11770 - Key management";
"G_0349";"http://www.iso.org/";"ISO/IEC 24762 - Guidelines for ICT Disaster Recovery Services";
"HW_0123";"https://www.ccn-cert.cni.es/";"CCN-STIC-152 Evaluación y Clasificación Zoning de Locales ";
"S_0311";"http://www.iso.org/";"ISO/IEC 14516 - Guidelines on the use and management of Trusted Third Party services";
"HW_0336";"https://www.ccn-cert.cni.es/";"CCN-STIC-408 Seguridad Perimetral - Cortafuegos ";
"D_0020,E_0046,S_0013,S_0548,S_0616";"http://www.iso.org/";"ISO/IEC 13888 - Non-repudiation";
"HW_0336";"http://www.iso.org/";"ISO/IEC 18028-2 - IT network security - Part 2: Security gateways";
"COM_0349,HW_0238,SI_0133,S_0312,S_0352";"http://www.iso.org/";"ISO/IEC 10116 - Modes of operation for an n-bit block cipher algorithm";
"G_0458";"https://www.ccn-cert.cni.es/";"CCN-STIC-202 Estructura y Contenido DRS ";
"COM_0121";"http://csrc.nist.gov/";"SP 800-24 - PBX Vulnerability Analysis: Finding Holes in Your PBX Before Someone Else Does";
"S_0512";"http://csrc.nist.gov/";"SP 800-81 - Secure Domain Name System (DNS) Deployment Guide";
"SW_0188";"https://www.ccn-cert.cni.es/";"CCN-STIC-431 Herramientas Análisis de Vulnerabilidades ";
"D_0141,SW_0195";"http://csrc.nist.gov/";"SP 800-83 - Guide to Malware Incident Prevention and Handling";
"S_0079";"http://csrc.nist.gov/";"SP 800-44 - Guidelines on Securing Public Web Servers";
"P_0026";"http://csrc.nist.gov/";"SP 800-50 - Building an Information Technology Security Awareness and Training Program";
"HW_0141";"http://en.wikipedia.org/wiki/Emergency_power_system";"Emergency power system";
"COM_0314";"http://www.iso.org/";"ISO/IEC 18028-5 - IT network security - Part 5: Securing communications across networks using Virtual Private Networks";
"G_0204";"http://csrc.nist.gov/";"SP 800-63 - Electronic Authentication Guideline";
"SW_0187";"https://www.ccn-cert.cni.es/";"CCN-STIC-430 Herramientas de Seguridad ";
"COM_0349,HW_0238,SI_0133,S_0312,S_0352";"http://www.iso.org/";"ISO/IEC 18033 - Encryption algorithms";
"COM_0146";"https://www.ccn-cert.cni.es/";"CCN-STIC-406 Seguridad Redes Inalámbricas ";
"HW_0141";"http://en.wikipedia.org/wiki/Uninterruptible_power_supply";"Uninterruptible power supply";
"G_0515";"http://csrc.nist.gov/";"SP 800-65 - Integrating IT Security into the Capital Planning and Investment Control Process";
"G_0458";"https://www.ccn-cert.cni.es/";"CCN-STIC-207 Estructura y Contenido del Concepto Operación de Seguridad (COS) ";
"SW_0210";"http://www.iso.org/";"ISO/IEC 15947 - IT intrusion detection framework";
"S_0577";"http://csrc.nist.gov/";"SP 800-45 - Guidelines on Electronic Mail Security";
"HW_0203";"http://www.iso.org/";"ISO/IEC 19790 - Security requirements for cryptographic modules";
"COM_0146";"http://csrc.nist.gov/";"SP 800-97 - Establishing Wireless Robust Security Networks: A Guide to IEEE 802.11i";
"S_0247";"http://csrc.nist.gov/";"SP 800-46 - Security for Telecommuting and Broadband Communications";
"L_0282";"http://www.mtas.es/insht/FDN/FDN_011.htm";"Planes de emergencia y evacuación contra incendios de locales y edificios";
"G_0204";"http://www.iso.org/";"ISO/IEC 9798 - Entity authentication";
"COM_0191,COM_0343,D_0048,G_0239,HW_0232,SI_0127,S_0346";"http://www.itl.nist.gov/fipspubs/index.htm";"FIPS 140 - Security Requirements for Cryptographic Modules";
"SW_0210";"https://www.ccn-cert.cni.es/";"CCN-STIC-432 Seguridad Perimetral - Detección Intrusos ";
"G_0314";"http://csrc.nist.gov/";"SP 800-34 - Contingency Planning Guide for Information Technology Systems";
"L_0016";"http://www.mtas.es/insht/legislation/RD/inc1942.htm";"Reglamento de Instalaciones de Protección contra Incendios";
"COM_0314";"http://csrc.nist.gov/";"SP 800-52 - Guidelines for the Selection and Use of Transport Layer Security (TLS) Implementations";
"COM_0342,D_0047,HW_0231,SI_0126,S_0345";"http://www.iso.org/";"ISO/IEC 9797 - Message authentication codes (MACs)";
"L_0102";"http://en.wikipedia.org/wiki/Emergency_light";"Emergency light";
"G_0458";"https://www.ccn-cert.cni.es/";"CCN-STIC-203 Estructura y Contenido POS ";
"SW_0210";"http://www.iso.org/";"ISO/IEC 18043 -  Guidelines for the implementation, operation and management of intrusion detection systems (IDS)";
"D_0198";"http://csrc.nist.gov/";"SP 800-57 - Recommendation for Key Management";
"SI_0195";"http://csrc.nist.gov/";"SP 800-88 - Guidelines for Media Sanitization";
"SW_0237";"https://www.ccn-cert.cni.es/";"CCN-STIC-435 Herramientas Monitorización Tráfico Red ";
"G_0252";"http://www.iso.org/";"ISO/IEC 18044 - Information Security Incident Management";
"S_0017,S_0364";"http://www.itl.nist.gov/fipspubs/index.htm";"FIPS 186 - Digital Signature Standard (DSS)";
"G_0125";"http://www.iso.org/";"ISO/IEC 15816 - Security information objects for access control";
"COM_0328,D_0027,D_0198,HW_0217,SI_0112,S_0090,S_0331,S_0443";"http://en.wikipedia.org/wiki/Key_management";"Key management";
"COM_0314";"http://csrc.nist.gov/";"SP 800-113 - Guide to SSL VPNs";
"L_0282";"www.mtas.es/insht/legislation/L/lprl.htm ";"Ley de prevención de riesgos laborales";
"G_0367";"http://csrc.nist.gov/";"SP 800-92 - Guide to Computer Security Log Management";
"G_0458";"https://www.ccn-cert.cni.es/";"CCN-STIC-207 Modelo de COS ";
"G_0506";"http://csrc.nist.gov/";"SP 800-30 - Risk Management Guide for Information Technology Systems";
"G_0239";"http://www.itl.nist.gov/fipspubs/index.htm";"FIPS 196 - Entity Authentication Using Public Key Cryptography";
"COM_0349,HW_0238,SI_0133,S_0312,S_0352";"http://www.itl.nist.gov/fipspubs/index.htm";"FIPS 197 - Advanced Encryption Standard (AES)";
"SI_0098";"http://csrc.nist.gov/";"SP 800-111 - Guide to Storage Encryption Technologies for End User Devices";
"G";"http://www.iso.org/";"ISO/IEC 27002 - Code of Practice for Information Security Management";
"COM_0226,HW_0122";"https://www.ccn-cert.cni.es/";"CCN-STIC-151 Evaluación y Clasificación Tempest de Equipos ";
"COM_0116,SW_0284,SW_0285";"http://csrc.nist.gov/";"SP 800-28 - Guidelines on Active Content and Mobile Code";
"G_0458";"https://www.ccn-cert.cni.es/";"CCN-STIC-204 CO-DRS-POS Formulario ";
"COM_0146";"http://csrc.nist.gov/";"SP 800-48 - Wireless Network Security for IEEE 802.11a/b/g and Bluetooth";
"S_0050,S_0395";"http://www.iso.org/";"ISO/IEC 18014 - Time stamping services";
"COM_0314";"http://www.iso.org/";"ISO/IEC 18028-3 - IT network security - Part 3: Virtual private networks";
"G_0000";"http://www.iso.org/";"ISO/IEC 13335-1 - Guidelines for the management of IT security - Part 1: Concepts and models for managing and planning IT security";
"S_0163";"http://csrc.nist.gov/";"SP 800-101 - Guidelines on Cell Phone Forensics";
"COM_0106,S_0067,S_0577";"https://www.ccn-cert.cni.es/";"CCN-STIC-502 Aplicaciones Cliente - Navegador y Correo Electrónico ";
"S_0017,S_0364";"http://www.iso.org/";"ISO/IEC 15945 - Specification of TTP services to support the application of digital signatures";
"S_0017,S_0364";"https://www.ccn-cert.cni.es/";"CCN-STIC-405 Algoritmos y Parámetros de Firma Electrónica ";
"S_0163";"https://www.ccn-cert.cni.es/";"CCN-STIC-407 Seguridad Telefonía Móvil ";
"G_0000";"https://www.ccn-cert.cni.es/";"CCN-STIC-201 Organización y Gestión STIC ";
"L_0016";"http://en.wikipedia.org/wiki/Category:Fire_detection_and_alarm";"Fire detection and alarm";
"D_0005";"http://en.wikipedia.org/wiki/Classified_information";"Classified information";
"G_0506";"http://www.iso.org/";"ISO/IEC 13335-3 - Guidelines for the management of IT security - Part 3: Techniques for management of IT security";
"S_0017,S_0364";"http://csrc.nist.gov/";"SP 800-25 - Federal Agency Use of Public Key Technology for Digital Signatures and Authentication";
"S_0017,S_0364";"http://www.iso.org/";"ISO/IEC 14888 - Digital signatures with appendix";
"G_0000";"https://www.ccn-cert.cni.es/";"CCN-STIC-402 Organización y Gestión STIC ";
"COM_0012";"http://www.iso.org/";"ISO/IEC 18028-4 - IT network security - Part 4: Remote access";
"HW_0336";"http://csrc.nist.gov/";"SP 800-41 - Guidelines on Firewalls and Firewall Policy";
"G_0515";"http://csrc.nist.gov/";"SP 800-18 - Guide for Developing Security Plans for Federal Information Systems";
"COM_0349,HW_0238,SI_0133,S_0312,S_0352";"http://www.iso.org/";"ISO/IEC 10116 - Modes of operation for an n-bit block cipher algorithm";
"G_0506";"http://www.itl.nist.gov/fipspubs/index.htm";"FIPS 199 - Standards for Security Categorization of Federal Information and Information Systems";
"G_0285";"http://csrc.nist.gov/";"SP 800-86 - Guide to Integrating Forensic Techniques into Incident Response";
"SW_0210";"http://csrc.nist.gov/";"SP 800-94 - Guide to Intrusion Detection and Prevention Systems (IDPS)";
"S_0079";"http://csrc.nist.gov/";"SP 800-95 - Guide to Secure Web Services";
"S_0086";"http://en.wikipedia.org/wiki/Public_key_infrastructure";"PKI - Public Key Infrastructure";
"G_0506";"http://csrc.nist.gov/";"SP 800-60 - Guide for Mapping Types of Information and Information Systems to Security Categories";
"HW_0203";"http://www.itl.nist.gov/fipspubs/index.htm";"FIPS 188 - Standard Security Labels for Information Transfer";
"COM_0403";"http://www.iso.org/";"ISO/IEC 15946-3 - Cryptographic techniques based on elliptic curves - Part 3: Key establishment";
"COM_0344,D_0049,HW_0233,SI_0128,SW_0098,S_0347";"http://www.iso.org/";"ISO/IEC 10118 - Hash functions";
"S_0577";"http://csrc.nist.gov/";"SP 800-49 - Federal S/MIME V3 Client Profile";
"S_0139";"http://csrc.nist.gov/";"SP 800-58 - Security Considerations for Voice Over IP Systems";
"S_0139";"https://www.ccn-cert.cni.es/";"CCN-STIC-414 Seguridad en Voz sobre IP ";
"S_0013";"http://en.wikipedia.org/wiki/Non-repudiation";"Non-repudiation";
"COM_0191,COM_0343,D_0048,G_0239,HW_0232,SI_0127,S_0346";"http://csrc.nist.gov/";"SP 800-29 - A Comparison of the Security Requirements for Cryptographic Modules in FIPS 140-1 and FIPS 140-2";
"G_0252";"http://csrc.nist.gov/";"SP 800-61 - Computer Security Incident Handling Guide";
"S_0017,S_0364";"http://www.iso.org/";"ISO/IEC 9796 - Digital signature schemes giving message recovery";
"G_0252";"https://www.ccn-cert.cni.es/";"CCN-STIC-403 Gestión Incidentes de Seguridad ";
"COM_0343,D_0048,HW_0232,SI_0127,S_0346";"http://www.itl.nist.gov/fipspubs/index.htm";"FIPS 198 - The Keyed-Hash Message Authentication Code (HMAC)";
"G_0506";"http://www.iso.org/";"ISO/IEC 27005 - Information security risk management";
"G_0458";"https://www.ccn-cert.cni.es/";"CCN-STIC-301 Requisitos STIC ";
